[backblue.gif]
[fade.gif]
[index.html]
[en63.tribalwars.net/css_/game/oldstyle52d0.css]
[code.jquery.com/ui/1.8.23/themes/smoothness/jquery-ui.css]
[ajax.googleapis.com/ajax/libs/jquery/1.8.1/jquery.min.js]
[ajax.googleapis.com/ajax/libs/jqueryui/1.8.23/jquery-ui.min.js]
[www.attackplanner.com/jquery-ui-timepicker-addon.js]
[www.attackplanner.com/plan.js]
[www.attackplanner.com/your-ad-here.png]
[www.attackplanner.com/index.html]
[cdn2.tribalwars.net/graphic/background/content3bcd.jpg]
[cdn2.tribalwars.net/graphic/icons/header_old814d.png]
[en63.tribalwars.net/css_/game/oldstyle52d0.css]
[cdn2.tribalwars.net/graphic/dots/green3d86.png]
[code.jquery.com/ui/1.8.23/themes/smoothness/images/ui-bg_flat_75_ffffff_40x100.png]
[code.jquery.com/ui/1.8.23/themes/smoothness/images/ui-bg_highlight-soft_75_cccccc_1x100.png]
[code.jquery.com/ui/1.8.23/themes/smoothness/images/ui-bg_glass_75_e6e6e6_1x400.png]
[code.jquery.com/ui/1.8.23/themes/smoothness/images/ui-bg_glass_75_dadada_1x400.png]
[code.jquery.com/ui/1.8.23/themes/smoothness/images/ui-bg_glass_65_ffffff_1x400.png]
[code.jquery.com/ui/1.8.23/themes/smoothness/images/ui-bg_glass_55_fbf9ee_1x400.png]
[code.jquery.com/ui/1.8.23/themes/smoothness/images/ui-bg_glass_95_fef1ec_1x400.png]
[code.jquery.com/ui/1.8.23/themes/smoothness/images/ui-icons_222222_256x240.png]
[code.jquery.com/ui/1.8.23/themes/smoothness/images/ui-icons_888888_256x240.png]
[code.jquery.com/ui/1.8.23/themes/smoothness/images/ui-icons_454545_256x240.png]
[code.jquery.com/ui/1.8.23/themes/smoothness/images/ui-icons_2e83ff_256x240.png]
[code.jquery.com/ui/1.8.23/themes/smoothness/images/ui-icons_cd0a0a_256x240.png]
[code.jquery.com/ui/1.8.23/themes/smoothness/jquery-ui.css]
[code.jquery.com/ui/1.8.23/themes/smoothness/images/ui-bg_flat_0_aaaaaa_40x100.png]
